// Jest Snapshot v1, https://goo.gl/fbAQLP

exports[`<CreateTournament /> should match snapshot 1`] = `"<button class=\\"ui button\\" role=\\"button\\"><i aria-hidden=\\"true\\" class=\\"plus icon\\"></i>New</button>"`;
