// Jest Snapshot v1, https://goo.gl/fbAQLP

exports[`RenderStep should match the snapshot 1`] = `"<div class=\\"ui basic center aligned segment\\"><h2 class=\\"ui teal header\\"><i aria-hidden=\\"true\\" class=\\"share icon\\"></i><div class=\\"content\\">Directions</div></h2><div class=\\"ui teal message\\">Please select Match Facts in the post-match menu. When there, please use the share feature to take a screenshot.</div></div>"`;
